// Jest Snapshot v1, https://goo.gl/fbAQLP

exports[`stripe-payment-sheet-modal renders 1`] = `
<stripe-payment-sheet-modal>
  <stripe-element-modal showclosebutton="">
    <stripe-payment-sheet intenttype="payment" shouldusedefaultformsubmitaction=""></stripe-payment-sheet>
  </stripe-element-modal>
</stripe-payment-sheet-modal>
`;
